
*** Running vivado
    with args -log vedicdivider_dhwajank_hybrid.vds -m64 -product Vivado -mode batch -messageDb vivado.pb -notrace -source vedicdivider_dhwajank_hybrid.tcl



****** Vivado v2024.1 (64-bit)
  **** SW Build 5076996 on Wed May 22 18:37:14 MDT 2024
  **** IP Build 5075265 on Wed May 22 21:45:21 MDT 2024
  **** SharedData Build 5076995 on Wed May 22 18:29:18 MDT 2024
  **** Start of session at: Thu Nov 13 23:53:30 2025
    ** Copyright 1986-2022 Xilinx, Inc. All Rights Reserved.
    ** Copyright 2022-2024 Advanced Micro Devices, Inc. All Rights Reserved.

source vedicdivider_dhwajank_hybrid.tcl -notrace
create_project: Time (s): cpu = 00:00:09 ; elapsed = 00:00:09 . Memory (MB): peak = 536.793 ; gain = 203.707
Command: read_checkpoint -auto_incremental -incremental c:/vivadocodes/vedicdivide/project_1/project_1.srcs/utils_1/imports/synth_1/vedicdivider_dhwajank_pipelined.dcp
INFO: [Vivado 12-5825] Read reference checkpoint from c:/vivadocodes/vedicdivide/project_1/project_1.srcs/utils_1/imports/synth_1/vedicdivider_dhwajank_pipelined.dcp for incremental synthesis
INFO: [Vivado 12-7989] Please ensure there are no constraint changes
Command: synth_design -top vedicdivider_dhwajank_hybrid -part xc7a200tfbg676-2
Starting synth_design
Attempting to get a license for feature 'Synthesis' and/or device 'xc7a200t'
INFO: [Common 17-349] Got license for feature 'Synthesis' and/or device 'xc7a200t'
INFO: [Device 21-403] Loading part xc7a200tfbg676-2
INFO: [Device 21-9227] Part: xc7a200tfbg676-2 does not have CEAM library.
INFO: [Synth 8-7079] Multithreading enabled for synth_design using a maximum of 2 processes.
INFO: [Synth 8-7078] Launching helper process for spawning children vivado processes
INFO: [Synth 8-7075] Helper process launched with PID 5464
---------------------------------------------------------------------------------
Starting RTL Elaboration : Time (s): cpu = 00:00:06 ; elapsed = 00:00:07 . Memory (MB): peak = 1444.020 ; gain = 449.672
---------------------------------------------------------------------------------
INFO: [Synth 8-6157] synthesizing module 'vedicdivider_dhwajank_hybrid' [C:/vivadocodes/vedicdivide/project_1/project_1.srcs/sources_1/new/vedicdivider_dhwajank_hybrid.sv:12]
INFO: [Synth 8-6155] done synthesizing module 'vedicdivider_dhwajank_hybrid' (0#1) [C:/vivadocodes/vedicdivide/project_1/project_1.srcs/sources_1/new/vedicdivider_dhwajank_hybrid.sv:12]
---------------------------------------------------------------------------------
Finished RTL Elaboration : Time (s): cpu = 00:00:08 ; elapsed = 00:00:09 . Memory (MB): peak = 1558.527 ; gain = 564.180
---------------------------------------------------------------------------------
---------------------------------------------------------------------------------
Start Handling Custom Attributes
---------------------------------------------------------------------------------
---------------------------------------------------------------------------------
Finished Handling Custom Attributes : Time (s): cpu = 00:00:08 ; elapsed = 00:00:10 . Memory (MB): peak = 1558.527 ; gain = 564.180
---------------------------------------------------------------------------------
---------------------------------------------------------------------------------
Finished RTL Optimization Phase 1 : Time (s): cpu = 00:00:08 ; elapsed = 00:00:10 . Memory (MB): peak = 1558.527 ; gain = 564.180
---------------------------------------------------------------------------------
Netlist sorting complete. Time (s): cpu = 00:00:00 ; elapsed = 00:00:00.005 . Memory (MB): peak = 1558.527 ; gain = 0.000
INFO: [Project 1-570] Preparing netlist for logic optimization

Processing XDC Constraints
Initializing timing engine
Parsing XDC File [c:/vivadocodes/vedicdivide/project_1/project_1.srcs/constrs_1/new/timing_constraints.xdc]
WARNING: [Vivado 12-584] No ports matched 'clk'. [c:/vivadocodes/vedicdivide/project_1/project_1.srcs/constrs_1/new/timing_constraints.xdc:5]
CRITICAL WARNING: [Vivado 12-4739] create_clock:No valid object(s) found for '-objects [get_ports clk]'. [c:/vivadocodes/vedicdivide/project_1/project_1.srcs/constrs_1/new/timing_constraints.xdc:5]
Resolution: Check if the specified object(s) exists in the current design. If it does, ensure that the correct design hierarchy was specified for the object. If you are working with clocks, make sure create_clock was used to create the clock object before it is referenced.
WARNING: [Vivado 12-584] No ports matched 'dividend[*]'. [c:/vivadocodes/vedicdivide/project_1/project_1.srcs/constrs_1/new/timing_constraints.xdc:8]
WARNING: [Vivado 12-584] No ports matched 'divisor[*]'. [c:/vivadocodes/vedicdivide/project_1/project_1.srcs/constrs_1/new/timing_constraints.xdc:8]
WARNING: [Vivado 12-584] No ports matched 'valid_in'. [c:/vivadocodes/vedicdivide/project_1/project_1.srcs/constrs_1/new/timing_constraints.xdc:8]
WARNING: [Vivado 12-584] No ports matched 'rst_n'. [c:/vivadocodes/vedicdivide/project_1/project_1.srcs/constrs_1/new/timing_constraints.xdc:8]
WARNING: [Vivado 12-646] clock 'clk' not found. [c:/vivadocodes/vedicdivide/project_1/project_1.srcs/constrs_1/new/timing_constraints.xdc:8]
CRITICAL WARNING: [Vivado 12-4739] set_input_delay:No valid object(s) found for '-objects [get_ports {{dividend[*]} {divisor[*]} valid_in rst_n}]'. [c:/vivadocodes/vedicdivide/project_1/project_1.srcs/constrs_1/new/timing_constraints.xdc:8]
Resolution: Check if the specified object(s) exists in the current design. If it does, ensure that the correct design hierarchy was specified for the object. If you are working with clocks, make sure create_clock was used to create the clock object before it is referenced.
WARNING: [Vivado 12-584] No ports matched 'dividend[*]'. [c:/vivadocodes/vedicdivide/project_1/project_1.srcs/constrs_1/new/timing_constraints.xdc:9]
WARNING: [Vivado 12-584] No ports matched 'divisor[*]'. [c:/vivadocodes/vedicdivide/project_1/project_1.srcs/constrs_1/new/timing_constraints.xdc:9]
WARNING: [Vivado 12-584] No ports matched 'valid_in'. [c:/vivadocodes/vedicdivide/project_1/project_1.srcs/constrs_1/new/timing_constraints.xdc:9]
WARNING: [Vivado 12-584] No ports matched 'rst_n'. [c:/vivadocodes/vedicdivide/project_1/project_1.srcs/constrs_1/new/timing_constraints.xdc:9]
WARNING: [Vivado 12-646] clock 'clk' not found. [c:/vivadocodes/vedicdivide/project_1/project_1.srcs/constrs_1/new/timing_constraints.xdc:9]
CRITICAL WARNING: [Vivado 12-4739] set_input_delay:No valid object(s) found for '-objects [get_ports {{dividend[*]} {divisor[*]} valid_in rst_n}]'. [c:/vivadocodes/vedicdivide/project_1/project_1.srcs/constrs_1/new/timing_constraints.xdc:9]
Resolution: Check if the specified object(s) exists in the current design. If it does, ensure that the correct design hierarchy was specified for the object. If you are working with clocks, make sure create_clock was used to create the clock object before it is referenced.
WARNING: [Vivado 12-584] No ports matched 'quotient[*]'. [c:/vivadocodes/vedicdivide/project_1/project_1.srcs/constrs_1/new/timing_constraints.xdc:12]
WARNING: [Vivado 12-584] No ports matched 'remainder[*]'. [c:/vivadocodes/vedicdivide/project_1/project_1.srcs/constrs_1/new/timing_constraints.xdc:12]
WARNING: [Vivado 12-584] No ports matched 'valid_out'. [c:/vivadocodes/vedicdivide/project_1/project_1.srcs/constrs_1/new/timing_constraints.xdc:12]
WARNING: [Vivado 12-584] No ports matched 'div_by_zero'. [c:/vivadocodes/vedicdivide/project_1/project_1.srcs/constrs_1/new/timing_constraints.xdc:12]
WARNING: [Vivado 12-584] No ports matched 'done'. [c:/vivadocodes/vedicdivide/project_1/project_1.srcs/constrs_1/new/timing_constraints.xdc:12]
WARNING: [Vivado 12-646] clock 'clk' not found. [c:/vivadocodes/vedicdivide/project_1/project_1.srcs/constrs_1/new/timing_constraints.xdc:12]
CRITICAL WARNING: [Vivado 12-4739] set_output_delay:No valid object(s) found for '-objects [get_ports {{quotient[*]} {remainder[*]} valid_out div_by_zero done}]'. [c:/vivadocodes/vedicdivide/project_1/project_1.srcs/constrs_1/new/timing_constraints.xdc:12]
Resolution: Check if the specified object(s) exists in the current design. If it does, ensure that the correct design hierarchy was specified for the object. If you are working with clocks, make sure create_clock was used to create the clock object before it is referenced.
WARNING: [Vivado 12-584] No ports matched 'quotient[*]'. [c:/vivadocodes/vedicdivide/project_1/project_1.srcs/constrs_1/new/timing_constraints.xdc:13]
WARNING: [Vivado 12-584] No ports matched 'remainder[*]'. [c:/vivadocodes/vedicdivide/project_1/project_1.srcs/constrs_1/new/timing_constraints.xdc:13]
WARNING: [Vivado 12-584] No ports matched 'valid_out'. [c:/vivadocodes/vedicdivide/project_1/project_1.srcs/constrs_1/new/timing_constraints.xdc:13]
WARNING: [Vivado 12-584] No ports matched 'div_by_zero'. [c:/vivadocodes/vedicdivide/project_1/project_1.srcs/constrs_1/new/timing_constraints.xdc:13]
WARNING: [Vivado 12-584] No ports matched 'done'. [c:/vivadocodes/vedicdivide/project_1/project_1.srcs/constrs_1/new/timing_constraints.xdc:13]
WARNING: [Vivado 12-646] clock 'clk' not found. [c:/vivadocodes/vedicdivide/project_1/project_1.srcs/constrs_1/new/timing_constraints.xdc:13]
CRITICAL WARNING: [Vivado 12-4739] set_output_delay:No valid object(s) found for '-objects [get_ports {{quotient[*]} {remainder[*]} valid_out div_by_zero done}]'. [c:/vivadocodes/vedicdivide/project_1/project_1.srcs/constrs_1/new/timing_constraints.xdc:13]
Resolution: Check if the specified object(s) exists in the current design. If it does, ensure that the correct design hierarchy was specified for the object. If you are working with clocks, make sure create_clock was used to create the clock object before it is referenced.
WARNING: [Vivado 12-584] No ports matched 'rst_n'. [c:/vivadocodes/vedicdivide/project_1/project_1.srcs/constrs_1/new/timing_constraints.xdc:16]
Finished Parsing XDC File [c:/vivadocodes/vedicdivide/project_1/project_1.srcs/constrs_1/new/timing_constraints.xdc]
INFO: [Project 1-236] Implementation specific constraints were found while reading constraint file [c:/vivadocodes/vedicdivide/project_1/project_1.srcs/constrs_1/new/timing_constraints.xdc]. These constraints will be ignored for synthesis but will be used in implementation. Impacted constraints are listed in the file [.Xil/vedicdivider_dhwajank_hybrid_propImpl.xdc].
Resolution: To avoid this warning, move constraints listed in [.Xil/vedicdivider_dhwajank_hybrid_propImpl.xdc] to another XDC file and exclude this new file from synthesis with the used_in_synthesis property (File Properties dialog in GUI) and re-run elaboration/synthesis.
Completed Processing XDC Constraints

Netlist sorting complete. Time (s): cpu = 00:00:00 ; elapsed = 00:00:00.001 . Memory (MB): peak = 1663.719 ; gain = 0.000
INFO: [Project 1-111] Unisim Transformation Summary:
No Unisim elements were transformed.

Constraint Validation Runtime : Time (s): cpu = 00:00:00 ; elapsed = 00:00:00.003 . Memory (MB): peak = 1663.719 ; gain = 0.000
---------------------------------------------------------------------------------
Finished Constraint Validation : Time (s): cpu = 00:00:17 ; elapsed = 00:00:20 . Memory (MB): peak = 1663.719 ; gain = 669.371
---------------------------------------------------------------------------------
---------------------------------------------------------------------------------
Start Loading Part and Timing Information
---------------------------------------------------------------------------------
Loading part: xc7a200tfbg676-2
---------------------------------------------------------------------------------
Finished Loading Part and Timing Information : Time (s): cpu = 00:00:17 ; elapsed = 00:00:20 . Memory (MB): peak = 1663.719 ; gain = 669.371
---------------------------------------------------------------------------------
---------------------------------------------------------------------------------
Start Applying 'set_property' XDC Constraints
---------------------------------------------------------------------------------
---------------------------------------------------------------------------------
Finished applying 'set_property' XDC Constraints : Time (s): cpu = 00:00:17 ; elapsed = 00:00:20 . Memory (MB): peak = 1663.719 ; gain = 669.371
---------------------------------------------------------------------------------
---------------------------------------------------------------------------------
Start Preparing Guide Design
---------------------------------------------------------------------------------
CRITICAL WARNING: [Synth 8-6895] The reference checkpoint c:/vivadocodes/vedicdivide/project_1/project_1.srcs/utils_1/imports/synth_1/vedicdivider_dhwajank_pipelined.dcp is not suitable for use with incremental synthesis for this design. Please regenerate the checkpoint for this design with -incremental_synth switch in the same Vivado session that synth_design has been run. Synthesis will continue with the default flow
---------------------------------------------------------------------------------
Finished Doing Graph Differ : Time (s): cpu = 00:00:18 ; elapsed = 00:00:20 . Memory (MB): peak = 1663.719 ; gain = 669.371
---------------------------------------------------------------------------------
---------------------------------------------------------------------------------
Finished Preparing Guide Design : Time (s): cpu = 00:00:18 ; elapsed = 00:00:20 . Memory (MB): peak = 1663.719 ; gain = 669.371
---------------------------------------------------------------------------------
---------------------------------------------------------------------------------
Finished RTL Optimization Phase 2 : Time (s): cpu = 00:00:18 ; elapsed = 00:00:20 . Memory (MB): peak = 1663.719 ; gain = 669.371
---------------------------------------------------------------------------------


Incremental Synthesis Report Summary:

1. Incremental synthesis run: no

   Reason for not running incremental synthesis : 


INFO: [Synth 8-7130] Flow is switching to default flow due to incremental criteria not met. If you would like to alter this behaviour and have the flow terminate instead, please set the following parameter config_implementation {autoIncr.Synth.RejectBehavior Terminate}
---------------------------------------------------------------------------------
Start RTL Component Statistics 
---------------------------------------------------------------------------------
Detailed RTL Component Info : 
+---Adders : 
	   3 Input    7 Bit       Adders := 14    
	   2 Input    7 Bit       Adders := 9     
	   2 Input    4 Bit       Adders := 35    
	   3 Input    4 Bit       Adders := 1     
	   4 Input    4 Bit       Adders := 1     
	   5 Input    3 Bit       Adders := 1     
	   2 Input    2 Bit       Adders := 1     
	   3 Input    2 Bit       Adders := 1     
+---Muxes : 
	   2 Input   14 Bit        Muxes := 1     
	   2 Input    7 Bit        Muxes := 23    
	   2 Input    4 Bit        Muxes := 28    
	   2 Input    2 Bit        Muxes := 1     
---------------------------------------------------------------------------------
Finished RTL Component Statistics 
---------------------------------------------------------------------------------
---------------------------------------------------------------------------------
Start Part Resource Summary
---------------------------------------------------------------------------------
Part Resources:
DSPs: 740 (col length:100)
BRAMs: 730 (col length: RAMB18 100 RAMB36 50)
---------------------------------------------------------------------------------
Finished Part Resource Summary
---------------------------------------------------------------------------------
---------------------------------------------------------------------------------
Start Cross Boundary and Area Optimization
---------------------------------------------------------------------------------
WARNING: [Synth 8-7080] Parallel synthesis criteria is not met
---------------------------------------------------------------------------------
Finished Cross Boundary and Area Optimization : Time (s): cpu = 00:00:28 ; elapsed = 00:00:31 . Memory (MB): peak = 1663.719 ; gain = 669.371
---------------------------------------------------------------------------------
---------------------------------------------------------------------------------
Start Applying XDC Timing Constraints
---------------------------------------------------------------------------------
---------------------------------------------------------------------------------
Finished Applying XDC Timing Constraints : Time (s): cpu = 00:00:35 ; elapsed = 00:00:38 . Memory (MB): peak = 1663.719 ; gain = 669.371
---------------------------------------------------------------------------------
---------------------------------------------------------------------------------
Start Timing Optimization
---------------------------------------------------------------------------------
---------------------------------------------------------------------------------
Finished Timing Optimization : Time (s): cpu = 00:00:35 ; elapsed = 00:00:38 . Memory (MB): peak = 1663.719 ; gain = 669.371
---------------------------------------------------------------------------------
---------------------------------------------------------------------------------
Start Technology Mapping
---------------------------------------------------------------------------------
---------------------------------------------------------------------------------
Finished Technology Mapping : Time (s): cpu = 00:00:35 ; elapsed = 00:00:38 . Memory (MB): peak = 1663.719 ; gain = 669.371
---------------------------------------------------------------------------------
---------------------------------------------------------------------------------
Start IO Insertion
---------------------------------------------------------------------------------
---------------------------------------------------------------------------------
Start Flattening Before IO Insertion
---------------------------------------------------------------------------------
---------------------------------------------------------------------------------
Finished Flattening Before IO Insertion
---------------------------------------------------------------------------------
---------------------------------------------------------------------------------
Start Final Netlist Cleanup
---------------------------------------------------------------------------------
---------------------------------------------------------------------------------
Finished Final Netlist Cleanup
---------------------------------------------------------------------------------
---------------------------------------------------------------------------------
Finished IO Insertion : Time (s): cpu = 00:00:40 ; elapsed = 00:00:44 . Memory (MB): peak = 1663.719 ; gain = 669.371
---------------------------------------------------------------------------------
---------------------------------------------------------------------------------
Start Renaming Generated Instances
---------------------------------------------------------------------------------
---------------------------------------------------------------------------------
Finished Renaming Generated Instances : Time (s): cpu = 00:00:40 ; elapsed = 00:00:44 . Memory (MB): peak = 1663.719 ; gain = 669.371
---------------------------------------------------------------------------------
---------------------------------------------------------------------------------
Start Rebuilding User Hierarchy
---------------------------------------------------------------------------------
---------------------------------------------------------------------------------
Finished Rebuilding User Hierarchy : Time (s): cpu = 00:00:40 ; elapsed = 00:00:44 . Memory (MB): peak = 1663.719 ; gain = 669.371
---------------------------------------------------------------------------------
---------------------------------------------------------------------------------
Start Renaming Generated Ports
---------------------------------------------------------------------------------
---------------------------------------------------------------------------------
Finished Renaming Generated Ports : Time (s): cpu = 00:00:40 ; elapsed = 00:00:44 . Memory (MB): peak = 1663.719 ; gain = 669.371
---------------------------------------------------------------------------------
---------------------------------------------------------------------------------
Start Handling Custom Attributes
---------------------------------------------------------------------------------
---------------------------------------------------------------------------------
Finished Handling Custom Attributes : Time (s): cpu = 00:00:40 ; elapsed = 00:00:44 . Memory (MB): peak = 1663.719 ; gain = 669.371
---------------------------------------------------------------------------------
---------------------------------------------------------------------------------
Start Renaming Generated Nets
---------------------------------------------------------------------------------
---------------------------------------------------------------------------------
Finished Renaming Generated Nets : Time (s): cpu = 00:00:40 ; elapsed = 00:00:44 . Memory (MB): peak = 1663.719 ; gain = 669.371
---------------------------------------------------------------------------------
---------------------------------------------------------------------------------
Start Writing Synthesis Report
---------------------------------------------------------------------------------

Report BlackBoxes: 
+-+--------------+----------+
| |BlackBox name |Instances |
+-+--------------+----------+
+-+--------------+----------+

Report Cell Usage: 
+------+-------+------+
|      |Cell   |Count |
+------+-------+------+
|1     |CARRY4 |    55|
|2     |LUT1   |    11|
|3     |LUT2   |    54|
|4     |LUT3   |    49|
|5     |LUT4   |    42|
|6     |LUT5   |    67|
|7     |LUT6   |   192|
|8     |IBUF   |    24|
|9     |OBUF   |    20|
+------+-------+------+
---------------------------------------------------------------------------------
Finished Writing Synthesis Report : Time (s): cpu = 00:00:40 ; elapsed = 00:00:44 . Memory (MB): peak = 1663.719 ; gain = 669.371
---------------------------------------------------------------------------------
Synthesis finished with 0 errors, 1 critical warnings and 1 warnings.
Synthesis Optimization Runtime : Time (s): cpu = 00:00:29 ; elapsed = 00:00:41 . Memory (MB): peak = 1663.719 ; gain = 564.180
Synthesis Optimization Complete : Time (s): cpu = 00:00:40 ; elapsed = 00:00:44 . Memory (MB): peak = 1663.719 ; gain = 669.371
INFO: [Project 1-571] Translating synthesized netlist
Netlist sorting complete. Time (s): cpu = 00:00:00 ; elapsed = 00:00:00.005 . Memory (MB): peak = 1663.719 ; gain = 0.000
INFO: [Netlist 29-17] Analyzing 55 Unisim elements for replacement
INFO: [Netlist 29-28] Unisim Transformation completed in 0 CPU seconds
INFO: [Project 1-570] Preparing netlist for logic optimization
INFO: [Opt 31-138] Pushed 0 inverter(s) to 0 load pin(s).
Netlist sorting complete. Time (s): cpu = 00:00:00 ; elapsed = 00:00:00 . Memory (MB): peak = 1663.719 ; gain = 0.000
INFO: [Project 1-111] Unisim Transformation Summary:
No Unisim elements were transformed.

Synth Design complete | Checksum: 69e8ec46
INFO: [Common 17-83] Releasing license: Synthesis
21 Infos, 25 Warnings, 6 Critical Warnings and 0 Errors encountered.
synth_design completed successfully
synth_design: Time (s): cpu = 00:00:47 ; elapsed = 00:00:52 . Memory (MB): peak = 1663.719 ; gain = 1122.473
INFO: [runtcl-6] Synthesis results are not added to the cache due to CRITICAL_WARNING
Write ShapeDB Complete: Time (s): cpu = 00:00:00 ; elapsed = 00:00:00.003 . Memory (MB): peak = 1663.719 ; gain = 0.000
INFO: [Common 17-1381] The checkpoint 'c:/vivadocodes/vedicdivide/project_1/project_1.runs/synth_1/vedicdivider_dhwajank_hybrid.dcp' has been generated.
INFO: [Vivado 12-24828] Executing command : report_utilization -file vedicdivider_dhwajank_hybrid_utilization_synth.rpt -pb vedicdivider_dhwajank_hybrid_utilization_synth.pb
INFO: [Common 17-206] Exiting Vivado at Thu Nov 13 23:54:37 2025...
