#-----------------------------------------------------------
# Vivado v2024.1 (64-bit)
# SW Build 5076996 on Wed May 22 18:37:14 MDT 2024
# IP Build 5075265 on Wed May 22 21:45:21 MDT 2024
# SharedData Build 5076995 on Wed May 22 18:29:18 MDT 2024
# Start of session at: Thu Nov 13 23:54:47 2025
# Process ID: 8372
# Current directory: c:/vivadocodes/vedicdivide/project_1/project_1.runs/impl_1
# Command line: vivado.exe -log vedicdivider_dhwajank_hybrid.vdi -applog -product Vivado -messageDb vivado.pb -mode batch -source vedicdivider_dhwajank_hybrid.tcl -notrace
# Log file: c:/vivadocodes/vedicdivide/project_1/project_1.runs/impl_1/vedicdivider_dhwajank_hybrid.vdi
# Journal file: c:/vivadocodes/vedicdivide/project_1/project_1.runs/impl_1\vivado.jou
# Running On        :LAPTOP-1UT37K21
# Platform          :Windows Server 2016 or Windows 10
# Operating System  :26200
# Processor Detail  :AMD Ryzen 7 5800H with Radeon Graphics         
# CPU Frequency     :3194 MHz
# CPU Physical cores:8
# CPU Logical cores :16
# Host memory       :14877 MB
# Swap memory       :4831 MB
# Total Virtual     :19709 MB
# Available Virtual :5574 MB
#-----------------------------------------------------------
source vedicdivider_dhwajank_hybrid.tcl -notrace
